Microchip MPLAB XC8 Compiler V2.32

Linker command line:

-W-3 --edf=C:\Program Files\Microchip\xc8\v2.32\pic\dat\en_msgs.txt -cn \
  -h+dist/default/production\LoRa_WIND_V2.X.production.sym \
  --cmf=dist/default/production\LoRa_WIND_V2.X.production.cmf -z \
  -Q18LF46K22 -oC:\Users\andym\AppData\Local\Temp\xcAs60c.4 \
  --defsym=__MPLAB_BUILD=1 \
  -Mdist/default/production/LoRa_WIND_V2.X.production.map -E1 \
  -ver=XC8 Compiler --acfsm=1493 -ASTACK=060h-0F37h -pstack=STACK \
  -ACODE=00h-0FFFFh -ACONST=00h-0FFFFh -ASMALLCONST=01000h-010FFhx240 \
  -AMEDIUMCONST=01000h-0FFFFh -ACOMRAM=01h-05Fh -AABS1=00h-0F37h \
  -ABIGRAM=01h-0F37h -ARAM=060h-0FFh,0100h-01FFhx14,0F00h-0F37h \
  -ABANK0=060h-0FFh -ABANK1=0100h-01FFh -ABANK2=0200h-02FFh \
  -ABANK3=0300h-03FFh -ABANK4=0400h-04FFh -ABANK5=0500h-05FFh \
  -ABANK6=0600h-06FFh -ABANK7=0700h-07FFh -ABANK8=0800h-08FFh \
  -ABANK9=0900h-09FFh -ABANK10=0A00h-0AFFh -ABANK11=0B00h-0BFFh \
  -ABANK12=0C00h-0CFFh -ABANK13=0D00h-0DFFh -ABANK14=0E00h-0EFFh \
  -ABANK15=0F00h-0F37h -ASFR=0F38h-0F5Fh,0F60h-0FFFh \
  -ACONFIG=0300000h-030000Dh -AIDLOC=0200000h-0200007h \
  -AEEDATA=0F00000h-0F003FFh -peeprom_data=EEDATA \
  -preset_vec=00h,intcode,intcodelo,powerup,init -pramtop=01000h \
  -psmallconst=SMALLCONST -pmediumconst=MEDIUMCONST -pconst=CONST \
  -AFARRAM=00h-00h \
  -prdata=COMRAM,nvrram=COMRAM,nvbit=COMRAM,rbss=COMRAM,rbit=COMRAM \
  -pfarbss=FARRAM,fardata=FARRAM,nvFARRAM=FARRAM \
  -pintsave_regs=BIGRAM,bigbss=BIGRAM,bigdata=BIGRAM -pbss=RAM \
  -pidata=CODE,irdata=CODE,ibigdata=CODE,ifardata=CODE -prparam=COMRAM \
  C:\Users\andym\AppData\Local\Temp\xcAs60c.o \
  dist/default/production\LoRa_WIND_V2.X.production.o 

Object code version is 3.11

Machine type is 18LF46K22



                Name                               Link     Load   Length Selector   Space Scale
C:\Users\andym\AppData\Local\Temp\xcAs60c.o
                idloc                            200000   200000        8        0       5
                config                           300000   300000        E        0       4
                init                                  0        0        4        0       0
dist/default/production\LoRa_WIND_V2.X.production.o
                idloc                            200000   200000        8        0       5
                config                           300000   300000        E        0       4
                smallconst                         1000     1000       98      800       0
                text17                             1C1A     1C1A       28      84C       0
                text16                             1BE2     1BE2       38      84C       0
                text15                             1C9C     1C9C        8      84C       0
                text14                             1B90     1B90       52      84C       0
                text13                             1C84     1C84        E      84C       0
                text12                             1C70     1C70       14      84C       0
                text11                             1C42     1C42       1A      84C       0
                text10                             1C5C     1C5C       14      84C       0
                text9                              14C2     14C2      186      84C       0
                text8                              1098     1098      42A      84C       0
                text7                              1782     1782      106      84C       0
                text6                              1B1C     1B1C       74      84C       0
                text5                              1AA8     1AA8       74      84C       0
                text4                              1CA4     1CA4        2      84C       0
                text3                              1648     1648      13A      84C       0
                text2                              1A12     1A12       96      84C       0
                text1                              1888     1888       E2      84C       0
                text0                              196A     196A       A8      84C       0
                cstackCOMRAM                          1        1       36        1       1
                cinit                              1C92     1C92        A      84C       0

TOTAL           Name                               Link     Load   Length     Space
        CLASS   STACK          

        CLASS   CODE           
                init                                  0        0        4         0
                text17                             1C1A     1C1A       28         0
                text16                             1BE2     1BE2       38         0
                text15                             1C9C     1C9C        8         0
                text14                             1B90     1B90       52         0
                text13                             1C84     1C84        E         0
                text12                             1C70     1C70       14         0
                text11                             1C42     1C42       1A         0
                text10                             1C5C     1C5C       14         0
                text9                              14C2     14C2      186         0
                text8                              1098     1098      42A         0
                text7                              1782     1782      106         0
                text6                              1B1C     1B1C       74         0
                text5                              1AA8     1AA8       74         0
                text4                              1CA4     1CA4        2         0
                text3                              1648     1648      13A         0
                text2                              1A12     1A12       96         0
                text1                              1888     1888       E2         0
                text0                              196A     196A       A8         0
                cinit                              1C92     1C92        A         0

        CLASS   CONST          

        CLASS   SMALLCONST     
                smallconst                         1000     1000       98         0

        CLASS   MEDIUMCONST    

        CLASS   COMRAM         
                cstackCOMRAM                          1        1       36         1

        CLASS   ABS1           

        CLASS   BIGRAM         

        CLASS   RAM            

        CLASS   BANK0          

        CLASS   BANK1          

        CLASS   BANK2          

        CLASS   BANK3          

        CLASS   BANK4          

        CLASS   BANK5          

        CLASS   BANK6          

        CLASS   BANK7          

        CLASS   BANK8          

        CLASS   BANK9          

        CLASS   BANK10         

        CLASS   BANK11         

        CLASS   BANK12         

        CLASS   BANK13         

        CLASS   BANK14         

        CLASS   BANK15         

        CLASS   SFR            

        CLASS   CONFIG         
                config                           300000   300000        E         4

        CLASS   IDLOC          
                idloc                            200000   200000        8         5

        CLASS   EEDATA         

        CLASS   FARRAM         



SEGMENTS        Name                           Load    Length   Top    Selector   Space  Class

                reset_vec                      000000  000004  000004         0       0  CODE    
                cstackCOMRAM                   000001  000036  000037         1       1  COMRAM  
                smallconst                     001000  000098  001098       800       0  SMALLCON
                text8                          001098  000C0E  001CA6       84C       0  CODE    


UNUSED ADDRESS RANGES

        Name                Unused          Largest block    Delta
        BANK0            000060-0000FF               A0
        BANK1            000100-0001FF              100
        BANK10           000A00-000AFF              100
        BANK11           000B00-000BFF              100
        BANK12           000C00-000CFF              100
        BANK13           000D00-000DFF              100
        BANK14           000E00-000EFF              100
        BANK15           000F00-000F37               38
        BANK2            000200-0002FF              100
        BANK3            000300-0003FF              100
        BANK4            000400-0004FF              100
        BANK5            000500-0005FF              100
        BANK6            000600-0006FF              100
        BANK7            000700-0007FF              100
        BANK8            000800-0008FF              100
        BANK9            000900-0009FF              100
        BIGRAM           000037-000F37              F01
        CODE             000004-000FFF              FFC
                         001CA6-00FFFF             E35A
        COMRAM           000037-00005F               29
        CONST            000004-000FFF              FFC
                         001CA6-00FFFF             E35A
        EEDATA           F00000-F003FF              400
        MEDIUMCONST      001CA6-00FFFF             E35A
        RAM              000060-000F37              100
        SFR              000F38-000FFF               28
        SMALLCONST       001CA6-00FFFF              100
        STACK            000060-000F37              ED8

                                  Symbol Table

?___flmul                     cstackCOMRAM 000001
?___fltol                     cstackCOMRAM 00001A
?___lwdiv                     cstackCOMRAM 000001
?_printf                      cstackCOMRAM 000008
LoRaOptimalLoad@syncWord      cstackCOMRAM 000006
LoRaSetFrequency@freqMHz      cstackCOMRAM 000024
LoRaSetFrequency@intermediate cstackCOMRAM 00002B
LoRaSetFrequency@lsb          cstackCOMRAM 00002A
LoRaSetFrequency@mid          cstackCOMRAM 000029
LoRaSetFrequency@msb          cstackCOMRAM 000028
LoRaSleepMode@regValue        cstackCOMRAM 000004
LoRaStandbyMode@regValue      cstackCOMRAM 000004
LoRaStart@freq                cstackCOMRAM 00002F
LoRaStart@syncWord            cstackCOMRAM 000033
SPI2ReadByte@address          cstackCOMRAM 000001
SPI2ReadByte@dataByte         cstackCOMRAM 000002
SPI2WriteByte@address         cstackCOMRAM 000002
SPI2WriteByte@data            cstackCOMRAM 000001
_ADCON0bits                   (abs)        000FC2
_ANSELAbits                   (abs)        000F38
_ANSELBbits                   (abs)        000F39
_ANSELCbits                   (abs)        000F3A
_ANSELDbits                   (abs)        000F3B
_ANSELEbits                   (abs)        000F3C
_LATAbits                     (abs)        000F89
_LATBbits                     (abs)        000F8A
_LATCbits                     (abs)        000F8B
_LATDbits                     (abs)        000F8C
_LATEbits                     (abs)        000F8D
_LoRaOptimalLoad              text9        0014C2
_LoRaReset                    text17       001C1A
_LoRaSetFrequency             text6        001B1C
_LoRaSleepMode                text12       001C70
_LoRaStandbyMode              text11       001C42
_LoRaStart                    text2        001A12
_OSCCON2bits                  (abs)        000FD2
_OSCCONbits                   (abs)        000FD3
_OSCTUNEbits                  (abs)        000F9B
_PMD0                         (abs)        000F3F
_PMD0bits                     (abs)        000F3F
_PMD1                         (abs)        000F3E
_PMD1bits                     (abs)        000F3E
_PMD2                         (abs)        000F3D
_SPI2ReadByte                 text16       001BE2
_SPI2WriteByte                text14       001B90
_SSP2BUF                      (abs)        000F6F
_SSP2CON1bits                 (abs)        000F6C
_SSP2IF                       (abs)        007D27
_SSP2STATbits                 (abs)        000F6D
_TRISAbits                    (abs)        000F92
_TRISBbits                    (abs)        000F93
_TRISCbits                    (abs)        000F94
_TRISDbits                    (abs)        000F95
_TRISEbits                    (abs)        000F96
_VREFCON0bits                 (abs)        000F42
__HRAM                        (abs)        000000
__Habs1                       abs1         000000
__Hbank0                      bank0        000000
__Hbank1                      bank1        000000
__Hbank10                     bank10       000000
__Hbank11                     bank11       000000
__Hbank12                     bank12       000000
__Hbank13                     bank13       000000
__Hbank14                     bank14       000000
__Hbank15                     bank15       000000
__Hbank2                      bank2        000000
__Hbank3                      bank3        000000
__Hbank4                      bank4        000000
__Hbank5                      bank5        000000
__Hbank6                      bank6        000000
__Hbank7                      bank7        000000
__Hbank8                      bank8        000000
__Hbank9                      bank9        000000
__Hbigbss                     bigbss       000000
__Hbigdata                    bigdata      000000
__Hbigram                     bigram       000000
__Hbss                        bss          000000
__Hcinit                      cinit        000000
__Hclrtext                    clrtext      000000
__Hcomram                     comram       000000
__Hconfig                     config       30000E
__Hconst                      const        000000
__HcstackCOMRAM               cstackCOMRAM 000000
__Hdata                       data         000000
__Heeprom_data                eeprom_data  000000
__Hfarbss                     farbss       000000
__Hfardata                    fardata      000000
__Hibigdata                   ibigdata     000000
__Hidata                      idata        000000
__Hidloc                      idloc        200008
__Hifardata                   ifardata     000000
__Hinit                       init         000004
__Hintcode                    intcode      000000
__Hintcode_body               intcode_body 000000
__Hintcodelo                  intcodelo    000000
__Hintentry                   intentry     000000
__Hintret                     intret       000000
__Hintsave_regs               intsave_regs 000000
__Hirdata                     irdata       000000
__Hmediumconst                mediumconst  000000
__HnvFARRAM                   nvFARRAM     000000
__Hnvbit                      nvbit        000000
__Hnvrram                     nvrram       000000
__Hparam                      rparam       000000
__Hpowerup                    powerup      000000
__Hram                        ram          000000
__Hramtop                     ramtop       001000
__Hrbit                       rbit         000000
__Hrbss                       rbss         000000
__Hrdata                      rdata        000000
__Hreset_vec                  reset_vec    000000
__Hrparam                     rparam       000000
__Hsfr                        sfr          000000
__Hsmallconst                 smallconst   001098
__Hspace_0                    (abs)        001CA6
__Hspace_1                    (abs)        000037
__Hspace_2                    (abs)        000000
__Hspace_4                    (abs)        60000E
__Hstack                      stack        000000
__Hstruct                     struct       000000
__Htemp                       temp         000000
__Htext                       text         000000
__Htext0                      text0        000000
__Htext1                      text1        000000
__Htext10                     text10       000000
__Htext11                     text11       000000
__Htext12                     text12       000000
__Htext13                     text13       000000
__Htext14                     text14       000000
__Htext15                     text15       000000
__Htext16                     text16       000000
__Htext17                     text17       000000
__Htext2                      text2        000000
__Htext3                      text3        000000
__Htext4                      text4        000000
__Htext5                      text5        000000
__Htext6                      text6        000000
__Htext7                      text7        000000
__Htext8                      text8        000000
__Htext9                      text9        000000
__LRAM                        (abs)        000001
__Labs1                       abs1         000000
__Lbank0                      bank0        000000
__Lbank1                      bank1        000000
__Lbank10                     bank10       000000
__Lbank11                     bank11       000000
__Lbank12                     bank12       000000
__Lbank13                     bank13       000000
__Lbank14                     bank14       000000
__Lbank15                     bank15       000000
__Lbank2                      bank2        000000
__Lbank3                      bank3        000000
__Lbank4                      bank4        000000
__Lbank5                      bank5        000000
__Lbank6                      bank6        000000
__Lbank7                      bank7        000000
__Lbank8                      bank8        000000
__Lbank9                      bank9        000000
__Lbigbss                     bigbss       000000
__Lbigdata                    bigdata      000000
__Lbigram                     bigram       000000
__Lbss                        bss          000000
__Lcinit                      cinit        000000
__Lclrtext                    clrtext      000000
__Lcomram                     comram       000000
__Lconfig                     config       000000
__Lconst                      const        000000
__LcstackCOMRAM               cstackCOMRAM 000000
__Ldata                       data         000000
__Leeprom_data                eeprom_data  000000
__Lfarbss                     farbss       000000
__Lfardata                    fardata      000000
__Libigdata                   ibigdata     000000
__Lidata                      idata        000000
__Lidloc                      idloc        000000
__Lifardata                   ifardata     000000
__Linit                       init         000000
__Lintcode                    intcode      000000
__Lintcode_body               intcode_body 000000
__Lintcodelo                  intcodelo    000000
__Lintentry                   intentry     000000
__Lintret                     intret       000000
__Lintsave_regs               intsave_regs 000000
__Lirdata                     irdata       000000
__Lmediumconst                mediumconst  000000
__LnvFARRAM                   nvFARRAM     000000
__Lnvbit                      nvbit        000000
__Lnvrram                     nvrram       000000
__Lparam                      rparam       000000
__Lpowerup                    powerup      000000
__Lram                        ram          000000
__Lramtop                     ramtop       001000
__Lrbit                       rbit         000000
__Lrbss                       rbss         000000
__Lrdata                      rdata        000000
__Lreset_vec                  reset_vec    000000
__Lrparam                     rparam       000000
__Lsfr                        sfr          000000
__Lsmallconst                 smallconst   001000
__Lspace_0                    (abs)        000000
__Lspace_1                    (abs)        000000
__Lspace_2                    (abs)        000000
__Lspace_4                    (abs)        000000
__Lstack                      stack        000000
__Lstruct                     struct       000000
__Ltemp                       temp         000000
__Ltext                       text         000000
__Ltext0                      text0        000000
__Ltext1                      text1        000000
__Ltext10                     text10       000000
__Ltext11                     text11       000000
__Ltext12                     text12       000000
__Ltext13                     text13       000000
__Ltext14                     text14       000000
__Ltext15                     text15       000000
__Ltext16                     text16       000000
__Ltext17                     text17       000000
__Ltext2                      text2        000000
__Ltext3                      text3        000000
__Ltext4                      text4        000000
__Ltext5                      text5        000000
__Ltext6                      text6        000000
__Ltext7                      text7        000000
__Ltext8                      text8        000000
__Ltext9                      text9        000000
__S0                          (abs)        001CA6
__S1                          (abs)        000037
__S2                          (abs)        000000
__S4                          (abs)        000000
__S5                          (abs)        000000
___flmul                      text8        001098
___flmul@a                    cstackCOMRAM 000005
___flmul@aexp                 cstackCOMRAM 000012
___flmul@b                    cstackCOMRAM 000001
___flmul@bexp                 cstackCOMRAM 000013
___flmul@grs                  cstackCOMRAM 00000E
___flmul@prod                 cstackCOMRAM 000014
___flmul@sign                 cstackCOMRAM 00000D
___flmul@temp                 cstackCOMRAM 000018
___fltol                      text7        001782
___fltol@exp1                 cstackCOMRAM 000023
___fltol@f1                   cstackCOMRAM 00001A
___fltol@sign1                cstackCOMRAM 000022
___inthi_sp                   stack        000000
___intlo_sp                   stack        000000
___lwdiv                      text5        001AA8
___lwdiv@counter              cstackCOMRAM 000007
___lwdiv@dividend             cstackCOMRAM 000001
___lwdiv@divisor              cstackCOMRAM 000003
___lwdiv@quotient             cstackCOMRAM 000005
___param_bank                 (abs)        000000
___rparam_used                (abs)        000001
___sp                         stack        000000
__accesstop                   (abs)        000060
__activetblptr                (abs)        000002
__end_of_LoRaOptimalLoad      text9        001648
__end_of_LoRaReset            text17       001C42
__end_of_LoRaSetFrequency     text6        001B90
__end_of_LoRaSleepMode        text12       001C84
__end_of_LoRaStandbyMode      text11       001C5C
__end_of_LoRaStart            text2        001AA8
__end_of_SPI2ReadByte         text16       001C1A
__end_of_SPI2WriteByte        text14       001BE2
__end_of___flmul              text8        0014C2
__end_of___fltol              text7        001888
__end_of___lwdiv              text5        001B1C
__end_of__initialization      cinit        001C92
__end_of_hexpowers            smallconst   001009
__end_of_main                 text0        001A12
__end_of_printf               text3        001782
__end_of_putch                text4        001CA6
__end_of_readOpModeRegister   text15       001CA4
__end_of_setLoRaMode          text10       001C70
__end_of_shutdown             text1        00196A
__end_of_writeOpModeRegister  text13       001C92
__initialization              cinit        001C92
__mediumconst                 mediumconst  000000
__pcinit                      cinit        001C92
__pcstackCOMRAM               cstackCOMRAM 000001
__psmallconst                 smallconst   001000
__ptext0                      text0        00196A
__ptext1                      text1        001888
__ptext10                     text10       001C5C
__ptext11                     text11       001C42
__ptext12                     text12       001C70
__ptext13                     text13       001C84
__ptext14                     text14       001B90
__ptext15                     text15       001C9C
__ptext16                     text16       001BE2
__ptext17                     text17       001C1A
__ptext2                      text2        001A12
__ptext3                      text3        001648
__ptext4                      text4        001CA4
__ptext5                      text5        001AA8
__ptext6                      text6        001B1C
__ptext7                      text7        001782
__ptext8                      text8        001098
__ptext9                      text9        0014C2
__ramtop                      ramtop       001000
__size_of_LoRaOptimalLoad     (abs)        000000
__size_of_LoRaReset           (abs)        000000
__size_of_LoRaSetFrequency    (abs)        000000
__size_of_LoRaSleepMode       (abs)        000000
__size_of_LoRaStandbyMode     (abs)        000000
__size_of_LoRaStart           (abs)        000000
__size_of_SPI2ReadByte        (abs)        000000
__size_of_SPI2WriteByte       (abs)        000000
__size_of___flmul             (abs)        000000
__size_of___fltol             (abs)        000000
__size_of___lwdiv             (abs)        000000
__size_of_main                (abs)        000000
__size_of_printf              (abs)        000000
__size_of_putch               (abs)        000000
__size_of_readOpModeRegister  (abs)        000000
__size_of_setLoRaMode         (abs)        000000
__size_of_shutdown            (abs)        000000
__size_of_writeOpModeRegister (abs)        000000
__smallconst                  smallconst   001000
_hexpowers                    smallconst   001001
_main                         text0        00196A
_printf                       text3        001648
_putch                        text4        001CA4
_readOpModeRegister           text15       001C9C
_setLoRaMode                  text10       001C5C
_shutdown                     text1        001888
_writeOpModeRegister          text13       001C84
end_of_initialization         cinit        001C92
intlevel0                     text         000000
intlevel1                     text         000000
intlevel2                     text         000000
intlevel3                     text         000000
isa$std                       (abs)        000001
isa$xinst                     (abs)        000000
printf@ap                     cstackCOMRAM 00000E
printf@c                      cstackCOMRAM 000014
printf@f                      cstackCOMRAM 000008
printf@idx                    cstackCOMRAM 000010
printf@prec                   cstackCOMRAM 000013
printf@val                    cstackCOMRAM 000011
setLoRaMode@regValue          cstackCOMRAM 000004
stackhi                       (abs)        000F37
stacklo                       (abs)        000060
start                         init         000000
start_initialization          cinit        001C92
writeOpModeRegister@regValue  cstackCOMRAM 000003


MODULE INFORMATION

Module		Function		Class		Link	Load	Size
LoRa.c
		_LoRaStart     		CODE           	1A12	0000	150
		_setLoRaMode   		CODE           	1C5C	0000	20
		_readOpModeRegister		CODE           	1C9C	0000	8
		_LoRaReset     		CODE           	1C1A	0000	40
		_LoRaSetFrequency		CODE           	1B1C	0000	116
		_LoRaSleepMode 		CODE           	1C70	0000	20
		_writeOpModeRegister		CODE           	1C84	0000	14
		_LoRaOptimalLoad		CODE           	14C2	0000	390
		_LoRaStandbyMode		CODE           	1C42	0000	26
		_SPI2WriteByte 		CODE           	1B90	0000	82
		_SPI2ReadByte  		CODE           	1BE2	0000	56

LoRa.c estimated size: 922

C:\Program Files\Microchip\xc8\v2.32\pic\sources\c90\common\putch.c
		_putch         		CODE           	1CA4	0000	2

C:\Program Files\Microchip\xc8\v2.32\pic\sources\c90\common\putch.c estimated size: 2

shared
		__initialization		CODE           	1C92	0000	1
		_hexpowers     		SMALLCONST     	1001	0000	8

shared estimated size: 9

C:\Program Files\Microchip\xc8\v2.32\pic\sources\c90\common\sprcmul.c
		___flmul       		CODE           	1098	0000	1066

C:\Program Files\Microchip\xc8\v2.32\pic\sources\c90\common\sprcmul.c estimated size: 1066

C:\Program Files\Microchip\xc8\v2.32\pic\sources\c90\common\doprnt.c
		_printf        		CODE           	1648	0000	314

C:\Program Files\Microchip\xc8\v2.32\pic\sources\c90\common\doprnt.c estimated size: 314

C:\Program Files\Microchip\xc8\v2.32\pic\sources\c90\common\lwdiv.c
		___lwdiv       		CODE           	1AA8	0000	116

C:\Program Files\Microchip\xc8\v2.32\pic\sources\c90\common\lwdiv.c estimated size: 116

main.c
		_main          		CODE           	196A	0000	168
		_shutdown      		CODE           	1888	0000	226

main.c estimated size: 394

C:\Program Files\Microchip\xc8\v2.32\pic\sources\c90\common\fltol.c
		___fltol       		CODE           	1782	0000	262

C:\Program Files\Microchip\xc8\v2.32\pic\sources\c90\common\fltol.c estimated size: 262

